c:\users\duz\desktop\codeprojects\delta force\focus_diag\obj\debug\vc143.pdb
c:\users\duz\desktop\codeprojects\delta force\focus_diag\obj\debug\vc143.idb
c:\users\duz\desktop\codeprojects\delta force\focus_diag\obj\debug\logger.obj
c:\users\duz\desktop\codeprojects\delta force\focus_diag\obj\debug\hooks.obj
c:\users\duz\desktop\codeprojects\delta force\focus_diag\obj\debug\dllmain.obj
c:\users\duz\desktop\codeprojects\delta force\focus_diag\obj\debug\dinput8_proxy.obj
c:\users\duz\desktop\codeprojects\delta force\focus_diag\obj\debug\diagnostics.obj
c:\users\duz\desktop\codeprojects\delta force\focus_diag\bin\debug\dinput8.dll
c:\users\duz\desktop\codeprojects\delta force\focus_diag\bin\debug\dinput8.pdb
c:\users\duz\desktop\codeprojects\delta force\focus_diag\bin\debug\dinput8.lib
c:\users\duz\desktop\codeprojects\delta force\focus_diag\bin\debug\dinput8.exp
c:\users\duz\desktop\codeprojects\delta force\focus_diag\obj\debug\dinput8.ilk
c:\users\duz\desktop\codeprojects\delta force\focus_diag\obj\debug\focusdiagnostic.vcxproj.filelistabsolute.txt
c:\users\duz\desktop\codeprojects\delta force\focus_diag\obj\debug\focusdiagnostic.tlog\cl.command.1.tlog
c:\users\duz\desktop\codeprojects\delta force\focus_diag\obj\debug\focusdiagnostic.tlog\cl.items.tlog
c:\users\duz\desktop\codeprojects\delta force\focus_diag\obj\debug\focusdiagnostic.tlog\cl.read.1.tlog
c:\users\duz\desktop\codeprojects\delta force\focus_diag\obj\debug\focusdiagnostic.tlog\cl.write.1.tlog
c:\users\duz\desktop\codeprojects\delta force\focus_diag\obj\debug\focusdiagnostic.tlog\link.command.1.tlog
c:\users\duz\desktop\codeprojects\delta force\focus_diag\obj\debug\focusdiagnostic.tlog\link.read.1.tlog
c:\users\duz\desktop\codeprojects\delta force\focus_diag\obj\debug\focusdiagnostic.tlog\link.secondary.1.tlog
c:\users\duz\desktop\codeprojects\delta force\focus_diag\obj\debug\focusdiagnostic.tlog\link.write.1.tlog
